// Jest Snapshot v1, https://goo.gl/fbAQLP

exports[`App.jsx should render without crashing 1`] = `
<DocumentFragment>
  <div
    class="wrapper"
  >
    <div
      class="container"
    >
      <select
        data-testid="languages"
      >
        <option
          value="en"
        >
          English
        </option>
        <option
          value="de"
        >
          Germany
        </option>
      </select>
    </div>
  </div>
  <header
    class="wrapper"
  >
    <h1
      class="heading"
    >
      <p>
        Sign up form
      </p>
      Get more information
    </h1>
  </header>
  <section
    class="wrapper "
  >
    <form
      class="form"
    >
      <div
        class="row"
      >
        <label
          class="label"
          for="email"
        >
          Your e-mail 
          <input
            class="input"
            id="email"
            name="email"
            type="email"
          />
        </label>
      </div>
      <div
        class="row"
      >
        <div
          class="wrapper"
        >
          Select your gender
          <ul
            class="list"
          >
            <li>
              <label
                for="gender_0"
              >
                <input
                  class="input"
                  id="gender_0"
                  name="gender"
                  type="radio"
                  value="Male"
                />
                <span
                  class="label"
                >
                  Male
                </span>
              </label>
            </li>
            <li>
              <label
                for="gender_1"
              >
                <input
                  class="input"
                  id="gender_1"
                  name="gender"
                  type="radio"
                  value="Female"
                />
                <span
                  class="label"
                >
                  Female
                </span>
              </label>
            </li>
            <li>
              <label
                for="gender_2"
              >
                <input
                  class="input"
                  id="gender_2"
                  name="gender"
                  type="radio"
                  value="Non-binary"
                />
                <span
                  class="label"
                >
                  Non-binary
                </span>
              </label>
            </li>
          </ul>
        </div>
      </div>
      <div
        class="row"
      >
        <label
          class="wrapper"
          for="confirmAge"
        >
          <input
            class="input"
            id="confirmAge"
            name="confirmAge"
            type="checkbox"
          />
          <span
            class="label"
          >
            Iâ€™m above a certain age 
          </span>
        </label>
      </div>
      <button
        class="button"
        type="submit"
      >
        Submit
      </button>
    </form>
  </section>
</DocumentFragment>
`;
